Archive member included to satisfy reference by file (symbol)

c:/program files (x86)/atollic/truestudio for arm 7.1.0/armtools/bin/../lib/gcc/arm-atollic-eabi/5.3.1/../../../../arm-atollic-eabi/lib/armv7e-m/fpu\libc_nano.a(lib_a-init.o)
                              startup\startup_stm32f407xx.o (__libc_init_array)
c:/program files (x86)/atollic/truestudio for arm 7.1.0/armtools/bin/../lib/gcc/arm-atollic-eabi/5.3.1/../../../../arm-atollic-eabi/lib/armv7e-m/fpu\libc_nano.a(lib_a-memset.o)
                              Src\main.o (memset)

Allocating common symbols
Common symbol       size              file

DMA_RX_UART1_BUFFER
                    0x100             Src\main.o
retSD               0x1               Src\fatfs.o
DMA_RX_UART4_BUFFER
                    0x100             Src\main.o
nu                  0x4               Src\stm32f4xx_it.o
hdma_uart4_rx       0x60              Src\main.o
htim4               0x3c              Src\main.o
hdma_usart3_rx      0x60              Src\main.o
huart3              0x40              Src\main.o
DMA_RX_UART3_BUFFER
                    0x100             Src\main.o
uwTick              0x4               Drivers\STM32F4xx_HAL_Driver\Src\stm32f4xx_hal.o
hdma_usart3_tx      0x60              Src\main.o
pFlash              0x20              Drivers\STM32F4xx_HAL_Driver\Src\stm32f4xx_hal_flash.o
DMA_TX_UART3_BUFFER
                    0x100             Drivers\STM32F4xx_HAL_Driver\Src\stm32f4xx_hal.o
hdma_usart1_rx      0x60              Src\main.o
huart1              0x40              Src\main.o
hnor1               0x4c              Src\main.o
SD_Path             0x4               Src\fatfs.o
hsd                 0x84              Src\main.o
DMA_TX_UART1_BUFFER
                    0x100             Drivers\STM32F4xx_HAL_Driver\Src\stm32f4xx_hal.o
huart4              0x40              Src\main.o
TIM_Handle          0x3c              Src\main.o
hdma_uart4_tx       0x60              Src\main.o

Discarded input sections

 .text          0x00000000        0x0 c:/program files (x86)/atollic/truestudio for arm 7.1.0/armtools/bin/../lib/gcc/arm-atollic-eabi/5.3.1/armv7e-m/fpu/crti.o
 .data          0x00000000        0x0 c:/program files (x86)/atollic/truestudio for arm 7.1.0/armtools/bin/../lib/gcc/arm-atollic-eabi/5.3.1/armv7e-m/fpu/crti.o
 .bss           0x00000000        0x0 c:/program files (x86)/atollic/truestudio for arm 7.1.0/armtools/bin/../lib/gcc/arm-atollic-eabi/5.3.1/armv7e-m/fpu/crti.o
 .data          0x00000000        0x4 c:/program files (x86)/atollic/truestudio for arm 7.1.0/armtools/bin/../lib/gcc/arm-atollic-eabi/5.3.1/armv7e-m/fpu/crtbegin.o
 .text          0x00000000        0x0 Drivers\STM32F4xx_HAL_Driver\Src\stm32f4xx_hal.o
 .data          0x00000000        0x0 Drivers\STM32F4xx_HAL_Driver\Src\stm32f4xx_hal.o
 .bss           0x00000000        0x0 Drivers\STM32F4xx_HAL_Driver\Src\stm32f4xx_hal.o
 .text.HAL_MspInit
                0x00000000        0x2 Drivers\STM32F4xx_HAL_Driver\Src\stm32f4xx_hal.o
 .text.HAL_MspDeInit
                0x00000000        0x2 Drivers\STM32F4xx_HAL_Driver\Src\stm32f4xx_hal.o
 .text.HAL_DeInit
                0x00000000       0x2c Drivers\STM32F4xx_HAL_Driver\Src\stm32f4xx_hal.o
 .text.HAL_SuspendTick
                0x00000000       0x10 Drivers\STM32F4xx_HAL_Driver\Src\stm32f4xx_hal.o
 .text.HAL_ResumeTick
                0x00000000       0x10 Drivers\STM32F4xx_HAL_Driver\Src\stm32f4xx_hal.o
 .text.HAL_GetHalVersion
                0x00000000        0x8 Drivers\STM32F4xx_HAL_Driver\Src\stm32f4xx_hal.o
 .text.HAL_GetREVID
                0x00000000        0xc Drivers\STM32F4xx_HAL_Driver\Src\stm32f4xx_hal.o
 .text.HAL_GetDEVID
                0x00000000       0x10 Drivers\STM32F4xx_HAL_Driver\Src\stm32f4xx_hal.o
 .text.HAL_DBGMCU_EnableDBGSleepMode
                0x00000000       0x10 Drivers\STM32F4xx_HAL_Driver\Src\stm32f4xx_hal.o
 .text.HAL_DBGMCU_DisableDBGSleepMode
                0x00000000       0x10 Drivers\STM32F4xx_HAL_Driver\Src\stm32f4xx_hal.o
 .text.HAL_DBGMCU_EnableDBGStopMode
                0x00000000       0x10 Drivers\STM32F4xx_HAL_Driver\Src\stm32f4xx_hal.o
 .text.HAL_DBGMCU_DisableDBGStopMode
                0x00000000       0x10 Drivers\STM32F4xx_HAL_Driver\Src\stm32f4xx_hal.o
 .text.HAL_DBGMCU_EnableDBGStandbyMode
                0x00000000       0x10 Drivers\STM32F4xx_HAL_Driver\Src\stm32f4xx_hal.o
 .text.HAL_DBGMCU_DisableDBGStandbyMode
                0x00000000       0x10 Drivers\STM32F4xx_HAL_Driver\Src\stm32f4xx_hal.o
 .text.HAL_EnableCompensationCell
                0x00000000       0x18 Drivers\STM32F4xx_HAL_Driver\Src\stm32f4xx_hal.o
 .text.HAL_DisableCompensationCell
                0x00000000       0x1c Drivers\STM32F4xx_HAL_Driver\Src\stm32f4xx_hal.o
 .text.HAL_GetUID
                0x00000000       0x20 Drivers\STM32F4xx_HAL_Driver\Src\stm32f4xx_hal.o
 .text          0x00000000        0x0 Drivers\STM32F4xx_HAL_Driver\Src\stm32f4xx_hal_cortex.o
[...]
Memory Configuration

Name             Origin             Length             Attributes
RAM              0x20000000         0x00020000         xrw
CCMRAM           0x10000000         0x00010000         rw
FLASH            0x08000000         0x00100000         xr
*default*        0x00000000         0xffffffff

Linker script and memory map

LOAD c:/program files (x86)/atollic/truestudio for arm 7.1.0/armtools/bin/../lib/gcc/arm-atollic-eabi/5.3.1/armv7e-m/fpu/crti.o
LOAD c:/program files (x86)/atollic/truestudio for arm 7.1.0/armtools/bin/../lib/gcc/arm-atollic-eabi/5.3.1/armv7e-m/fpu/crtbegin.o
LOAD Drivers\STM32F4xx_HAL_Driver\Src\stm32f4xx_hal.o
LOAD Drivers\STM32F4xx_HAL_Driver\Src\stm32f4xx_hal_cortex.o
LOAD Drivers\STM32F4xx_HAL_Driver\Src\stm32f4xx_hal_dma.o
LOAD Drivers\STM32F4xx_HAL_Driver\Src\stm32f4xx_hal_dma_ex.o
LOAD Drivers\STM32F4xx_HAL_Driver\Src\stm32f4xx_hal_flash.o
LOAD Drivers\STM32F4xx_HAL_Driver\Src\stm32f4xx_hal_flash_ex.o
LOAD Drivers\STM32F4xx_HAL_Driver\Src\stm32f4xx_hal_flash_ramfunc.o
LOAD Drivers\STM32F4xx_HAL_Driver\Src\stm32f4xx_hal_gpio.o
LOAD Drivers\STM32F4xx_HAL_Driver\Src\stm32f4xx_hal_nor.o
LOAD Drivers\STM32F4xx_HAL_Driver\Src\stm32f4xx_hal_pwr.o
LOAD Drivers\STM32F4xx_HAL_Driver\Src\stm32f4xx_hal_pwr_ex.o
LOAD Drivers\STM32F4xx_HAL_Driver\Src\stm32f4xx_hal_rcc.o
LOAD Drivers\STM32F4xx_HAL_Driver\Src\stm32f4xx_hal_rcc_ex.o
LOAD Drivers\STM32F4xx_HAL_Driver\Src\stm32f4xx_hal_sd.o
LOAD Drivers\STM32F4xx_HAL_Driver\Src\stm32f4xx_hal_tim.o
LOAD Drivers\STM32F4xx_HAL_Driver\Src\stm32f4xx_hal_tim_ex.o
LOAD Drivers\STM32F4xx_HAL_Driver\Src\stm32f4xx_hal_uart.o
LOAD Drivers\STM32F4xx_HAL_Driver\Src\stm32f4xx_ll_fsmc.o
LOAD Drivers\STM32F4xx_HAL_Driver\Src\stm32f4xx_ll_sdmmc.o
LOAD Middlewares\Third_Party\FatFs\src\diskio.o
LOAD Middlewares\Third_Party\FatFs\src\drivers\sd_diskio.o
LOAD Middlewares\Third_Party\FatFs\src\ff.o
LOAD Middlewares\Third_Party\FatFs\src\ff_gen_drv.o
LOAD Middlewares\Third_Party\FatFs\src\option\syscall.o
LOAD Src\bsp_driver_sd.o
LOAD Src\dwt_stm32_delay.o
LOAD Src\fatfs.o
LOAD Src\main.o
LOAD Src\stm32f4xx_hal_msp.o
LOAD Src\stm32f4xx_it.o
LOAD Src\system_stm32f4xx.o
LOAD startup\startup_stm32f407xx.o
START GROUP
LOAD c:/program files (x86)/atollic/truestudio for arm 7.1.0/armtools/bin/../lib/gcc/arm-atollic-eabi/5.3.1/../../../../arm-atollic-eabi/lib/armv7e-m/fpu\libc_nano.a
LOAD c:/program files (x86)/atollic/truestudio for arm 7.1.0/armtools/bin/../lib/gcc/arm-atollic-eabi/5.3.1/../../../../arm-atollic-eabi/lib/armv7e-m/fpu\libm.a
END GROUP
                0x00000080                malloc_getpagesize_P = 0x80
START GROUP
LOAD c:/program files (x86)/atollic/truestudio for arm 7.1.0/armtools/bin/../lib/gcc/arm-atollic-eabi/5.3.1/armv7e-m/fpu\libgcc.a
LOAD c:/program files (x86)/atollic/truestudio for arm 7.1.0/armtools/bin/../lib/gcc/arm-atollic-eabi/5.3.1/../../../../arm-atollic-eabi/lib/armv7e-m/fpu\libc_nano.a
END GROUP
START GROUP
LOAD c:/program files (x86)/atollic/truestudio for arm 7.1.0/armtools/bin/../lib/gcc/arm-atollic-eabi/5.3.1/armv7e-m/fpu\libgcc.a
LOAD c:/program files (x86)/atollic/truestudio for arm 7.1.0/armtools/bin/../lib/gcc/arm-atollic-eabi/5.3.1/../../../../arm-atollic-eabi/lib/armv7e-m/fpu\libc_nano.a
LOAD c:/program files (x86)/atollic/truestudio for arm 7.1.0/armtools/bin/../lib/gcc/arm-atollic-eabi/5.3.1/../../../../arm-atollic-eabi/lib/armv7e-m/fpu\libnosys.a
END GROUP
START GROUP
LOAD c:/program files (x86)/atollic/truestudio for arm 7.1.0/armtools/bin/../lib/gcc/arm-atollic-eabi/5.3.1/armv7e-m/fpu\libgcc.a
LOAD c:/program files (x86)/atollic/truestudio for arm 7.1.0/armtools/bin/../lib/gcc/arm-atollic-eabi/5.3.1/../../../../arm-atollic-eabi/lib/armv7e-m/fpu\libc_nano.a
LOAD c:/program files (x86)/atollic/truestudio for arm 7.1.0/armtools/bin/../lib/gcc/arm-atollic-eabi/5.3.1/../../../../arm-atollic-eabi/lib/armv7e-m/fpu\libnosys.a
END GROUP
LOAD c:/program files (x86)/atollic/truestudio for arm 7.1.0/armtools/bin/../lib/gcc/arm-atollic-eabi/5.3.1/armv7e-m/fpu/crtend.o
LOAD c:/program files (x86)/atollic/truestudio for arm 7.1.0/armtools/bin/../lib/gcc/arm-atollic-eabi/5.3.1/armv7e-m/fpu/crtn.o
                0x20020000                _estack = 0x20020000
                0x00000200                _Min_Heap_Size = 0x200
                0x00004000                _Min_Stack_Size = 0x4000

.isr_vector     0x08000000      0x188
                0x08000000                . = ALIGN (0x4)
 *(.isr_vector)
 .isr_vector    0x08000000      0x188 startup\startup_stm32f407xx.o
                0x08000000                g_pfnVectors
                0x08000188                . = ALIGN (0x4)

.text           0x08000188     0x3708
                0x08000188                . = ALIGN (0x4)
 *(.text)
 .text          0x08000188       0x40 c:/program files (x86)/atollic/truestudio for arm 7.1.0/armtools/bin/../lib/gcc/arm-atollic-eabi/5.3.1/armv7e-m/fpu/crtbegin.o
 *(.text*)
 .text.HAL_InitTick
                0x080001c8       0x28 Drivers\STM32F4xx_HAL_Driver\Src\stm32f4xx_hal.o
                0x080001c8                HAL_InitTick
 .text.HAL_Init
                0x080001f0       0x34 Drivers\STM32F4xx_HAL_Driver\Src\stm32f4xx_hal.o
                0x080001f0                HAL_Init
 .text.HAL_IncTick
                0x08000224       0x10 Drivers\STM32F4xx_HAL_Driver\Src\stm32f4xx_hal.o
                0x08000224                HAL_IncTick
 .text.HAL_GetTick
                0x08000234        0xc Drivers\STM32F4xx_HAL_Driver\Src\stm32f4xx_hal.o
                0x08000234                HAL_GetTick
 .text.HAL_Delay
                0x08000240       0x20 Drivers\STM32F4xx_HAL_Driver\Src\stm32f4xx_hal.o
                0x08000240                HAL_Delay
 .text.HAL_NVIC_SetPriorityGrouping
                0x08000260       0x24 Drivers\STM32F4xx_HAL_Driver\Src\stm32f4xx_hal_cortex.o
                0x08000260                HAL_NVIC_SetPriorityGrouping
 .text.HAL_NVIC_SetPriority
                0x08000284       0x68 Drivers\STM32F4xx_HAL_Driver\Src\stm32f4xx_hal_cortex.o
                0x08000284                HAL_NVIC_SetPriority
 .text.HAL_NVIC_EnableIRQ
                0x080002ec       0x18 Drivers\STM32F4xx_HAL_Driver\Src\stm32f4xx_hal_cortex.o
                0x080002ec                HAL_NVIC_EnableIRQ
 .text.HAL_SYSTICK_Config
                0x08000304       0x2c Drivers\STM32F4xx_HAL_Driver\Src\stm32f4xx_hal_cortex.o
                0x08000304                HAL_SYSTICK_Config
 .text.HAL_SYSTICK_CLKSourceConfig
                0x08000330       0x18 Drivers\STM32F4xx_HAL_Driver\Src\stm32f4xx_hal_cortex.o
                0x08000330                HAL_SYSTICK_CLKSourceConfig
 .text.HAL_SYSTICK_Callback
                0x08000348        0x2 Drivers\STM32F4xx_HAL_Driver\Src\stm32f4xx_hal_cortex.o
                0x08000348                HAL_SYSTICK_Callback
 .text.HAL_SYSTICK_IRQHandler
                0x0800034a        0x8 Drivers\STM32F4xx_HAL_Driver\Src\stm32f4xx_hal_cortex.o
                0x0800034a                HAL_SYSTICK_IRQHandler
 *fill*         0x08000352        0x2 
 .text.DMA_CalcBaseAndBitshift
                0x08000354       0x2c Drivers\STM32F4xx_HAL_Driver\Src\stm32f4xx_hal_dma.o
 .text.HAL_DMA_Init
                0x08000380       0xec Drivers\STM32F4xx_HAL_Driver\Src\stm32f4xx_hal_dma.o
                0x08000380                HAL_DMA_Init
 .text.HAL_DMA_Start_IT
                0x0800046c       0x80 Drivers\STM32F4xx_HAL_Driver\Src\stm32f4xx_hal_dma.o
                0x0800046c                HAL_DMA_Start_IT
 .text.HAL_DMA_Abort_IT
                0x080004ec       0x24 Drivers\STM32F4xx_HAL_Driver\Src\stm32f4xx_hal_dma.o
                0x080004ec                HAL_DMA_Abort_IT
 .text.HAL_DMA_IRQHandler
                0x08000510      0x17c Drivers\STM32F4xx_HAL_Driver\Src\stm32f4xx_hal_dma.o
                0x08000510                HAL_DMA_IRQHandler
 .text.HAL_GPIO_Init
                0x0800068c      0x1c0 Drivers\STM32F4xx_HAL_Driver\Src\stm32f4xx_hal_gpio.o
                0x0800068c                HAL_GPIO_Init
 .text.HAL_GPIO_ReadPin
                0x0800084c        0xc Drivers\STM32F4xx_HAL_Driver\Src\stm32f4xx_hal_gpio.o
                0x0800084c                HAL_GPIO_ReadPin
 .text.HAL_GPIO_WritePin
                0x08000858        0x8 Drivers\STM32F4xx_HAL_Driver\Src\stm32f4xx_hal_gpio.o
                0x08000858                HAL_GPIO_WritePin
 .text.HAL_GPIO_TogglePin
                0x08000860        0x8 Drivers\STM32F4xx_HAL_Driver\Src\stm32f4xx_hal_gpio.o
                0x08000860                HAL_GPIO_TogglePin
 .text.HAL_GPIO_EXTI_Callback
                0x08000868        0x2 Drivers\STM32F4xx_HAL_Driver\Src\stm32f4xx_hal_gpio.o
                0x08000868                HAL_GPIO_EXTI_Callback
 *fill*         0x0800086a        0x2 
 .text.HAL_GPIO_EXTI_IRQHandler
                0x0800086c       0x18 Drivers\STM32F4xx_HAL_Driver\Src\stm32f4xx_hal_gpio.o
                0x0800086c                HAL_GPIO_EXTI_IRQHandler
 .text.HAL_NOR_Init
                0x08000884       0x6c Drivers\STM32F4xx_HAL_Driver\Src\stm32f4xx_hal_nor.o
                0x08000884                HAL_NOR_Init
 .text.HAL_RCC_OscConfig
                0x080008f0      0x31c Drivers\STM32F4xx_HAL_Driver\Src\stm32f4xx_hal_rcc.o
                0x080008f0                HAL_RCC_OscConfig
 .text.HAL_RCC_GetSysClockFreq
                0x08000c0c       0x7c Drivers\STM32F4xx_HAL_Driver\Src\stm32f4xx_hal_rcc.o
                0x08000c0c                HAL_RCC_GetSysClockFreq
 .text.HAL_RCC_ClockConfig
                0x08000c88      0x168 Drivers\STM32F4xx_HAL_Driver\Src\stm32f4xx_hal_rcc.o
                0x08000c88                HAL_RCC_ClockConfig
 .text.HAL_RCC_GetHCLKFreq
                0x08000df0        0xc Drivers\STM32F4xx_HAL_Driver\Src\stm32f4xx_hal_rcc.o
                0x08000df0                HAL_RCC_GetHCLKFreq
 .text.HAL_RCC_GetPCLK1Freq
                0x08000dfc       0x30 Drivers\STM32F4xx_HAL_Driver\Src\stm32f4xx_hal_rcc.o
                0x08000dfc                HAL_RCC_GetPCLK1Freq
 .text.HAL_RCC_GetPCLK2Freq
                0x08000e2c       0x30 Drivers\STM32F4xx_HAL_Driver\Src\stm32f4xx_hal_rcc.o
                0x08000e2c                HAL_RCC_GetPCLK2Freq
 .text.SD_FindSCR
                0x08000e5c       0xc6 Drivers\STM32F4xx_HAL_Driver\Src\stm32f4xx_hal_sd.o
 .text.HAL_SD_ReadBlocks
                0x08000f22      0x1c0 Drivers\STM32F4xx_HAL_Driver\Src\stm32f4xx_hal_sd.o
                0x08000f22                HAL_SD_ReadBlocks
 .text.HAL_SD_WriteBlocks
                0x080010e2      0x172 Drivers\STM32F4xx_HAL_Driver\Src\stm32f4xx_hal_sd.o
                0x080010e2                HAL_SD_WriteBlocks
 .text.HAL_SD_GetCardCSD
                0x08001254      0x1d6 Drivers\STM32F4xx_HAL_Driver\Src\stm32f4xx_hal_sd.o
                0x08001254                HAL_SD_GetCardCSD
 *fill*         0x0800142a        0x2 
 .text.HAL_SD_InitCard
                0x0800142c      0x1d4 Drivers\STM32F4xx_HAL_Driver\Src\stm32f4xx_hal_sd.o
                0x0800142c                HAL_SD_InitCard
 .text.HAL_SD_Init
                0x08001600       0x34 Drivers\STM32F4xx_HAL_Driver\Src\stm32f4xx_hal_sd.o
                0x08001600                HAL_SD_Init
 .text.HAL_SD_GetCardInfo
                0x08001634       0x24 Drivers\STM32F4xx_HAL_Driver\Src\stm32f4xx_hal_sd.o
                0x08001634                HAL_SD_GetCardInfo
 .text.HAL_SD_ConfigWideBusOperation
                0x08001658       0xf6 Drivers\STM32F4xx_HAL_Driver\Src\stm32f4xx_hal_sd.o
                0x08001658                HAL_SD_ConfigWideBusOperation
 .text.HAL_SD_GetCardState
                0x0800174e       0x28 Drivers\STM32F4xx_HAL_Driver\Src\stm32f4xx_hal_sd.o
                0x0800174e                HAL_SD_GetCardState
 .text.HAL_TIM_Base_Start_IT
                0x08001776       0x16 Drivers\STM32F4xx_HAL_Driver\Src\stm32f4xx_hal_tim.o
                0x08001776                HAL_TIM_Base_Start_IT
 .text.HAL_TIM_ConfigClockSource
                0x0800178c      0x174 Drivers\STM32F4xx_HAL_Driver\Src\stm32f4xx_hal_tim.o
                0x0800178c                HAL_TIM_ConfigClockSource
 .text.HAL_TIM_PeriodElapsedCallback
                0x08001900        0x2 Drivers\STM32F4xx_HAL_Driver\Src\stm32f4xx_hal_tim.o
                0x08001900                HAL_TIM_PeriodElapsedCallback
 .text.HAL_TIM_OC_DelayElapsedCallback
                0x08001902        0x2 Drivers\STM32F4xx_HAL_Driver\Src\stm32f4xx_hal_tim.o
                0x08001902                HAL_TIM_OC_DelayElapsedCallback
 .text.HAL_TIM_IC_CaptureCallback
                0x08001904        0x2 Drivers\STM32F4xx_HAL_Driver\Src\stm32f4xx_hal_tim.o
                0x08001904                HAL_TIM_IC_CaptureCallback
 .text.HAL_TIM_PWM_PulseFinishedCallback
                0x08001906        0x2 Drivers\STM32F4xx_HAL_Driver\Src\stm32f4xx_hal_tim.o
                0x08001906                HAL_TIM_PWM_PulseFinishedCallback
 .text.HAL_TIM_TriggerCallback
                0x08001908        0x2 Drivers\STM32F4xx_HAL_Driver\Src\stm32f4xx_hal_tim.o
                0x08001908                HAL_TIM_TriggerCallback
 .text.HAL_TIM_IRQHandler
                0x0800190a      0x144 Drivers\STM32F4xx_HAL_Driver\Src\stm32f4xx_hal_tim.o
                0x0800190a                HAL_TIM_IRQHandler
 *fill*         0x08001a4e        0x2 
 .text.TIM_Base_SetConfig
                0x08001a50       0xc8 Drivers\STM32F4xx_HAL_Driver\Src\stm32f4xx_hal_tim.o
                0x08001a50                TIM_Base_SetConfig
 .text.HAL_TIM_Base_Init
                0x08001b18       0x34 Drivers\STM32F4xx_HAL_Driver\Src\stm32f4xx_hal_tim.o
                0x08001b18                HAL_TIM_Base_Init
 .text.HAL_TIMEx_MasterConfigSynchronization
                0x08001b4c       0x44 Drivers\STM32F4xx_HAL_Driver\Src\stm32f4xx_hal_tim_ex.o
                0x08001b4c                HAL_TIMEx_MasterConfigSynchronization
 .text.HAL_TIMEx_CommutationCallback
                0x08001b90        0x2 Drivers\STM32F4xx_HAL_Driver\Src\stm32f4xx_hal_tim_ex.o
                0x08001b90                HAL_TIMEx_CommutationCallback
 .text.HAL_TIMEx_BreakCallback
                0x08001b92        0x2 Drivers\STM32F4xx_HAL_Driver\Src\stm32f4xx_hal_tim_ex.o
                0x08001b92                HAL_TIMEx_BreakCallback
 .text.UART_EndRxTransfer
                0x08001b94       0x1a Drivers\STM32F4xx_HAL_Driver\Src\stm32f4xx_hal_uart.o
 *fill*         0x08001bae        0x2 
 .text.UART_SetConfig
                0x08001bb0      0x23c Drivers\STM32F4xx_HAL_Driver\Src\stm32f4xx_hal_uart.o
 .text.HAL_UART_Init
                0x08001dec       0x5c Drivers\STM32F4xx_HAL_Driver\Src\stm32f4xx_hal_uart.o
                0x08001dec                HAL_UART_Init
 .text.HAL_UART_Transmit_DMA
                0x08001e48       0x74 Drivers\STM32F4xx_HAL_Driver\Src\stm32f4xx_hal_uart.o
                0x08001e48                HAL_UART_Transmit_DMA
 .text.HAL_UART_Receive_DMA
                0x08001ebc       0x90 Drivers\STM32F4xx_HAL_Driver\Src\stm32f4xx_hal_uart.o
                0x08001ebc                HAL_UART_Receive_DMA
 .text.UART_DMATransmitCplt
                0x08001f4c       0x2c Drivers\STM32F4xx_HAL_Driver\Src\stm32f4xx_hal_uart.o
 .text.HAL_UART_TxHalfCpltCallback
                0x08001f78        0x2 Drivers\STM32F4xx_HAL_Driver\Src\stm32f4xx_hal_uart.o
                0x08001f78                HAL_UART_TxHalfCpltCallback
 .text.UART_DMATxHalfCplt
                0x08001f7a        0xa Drivers\STM32F4xx_HAL_Driver\Src\stm32f4xx_hal_uart.o
 .text.UART_DMAReceiveCplt
                0x08001f84       0x38 Drivers\STM32F4xx_HAL_Driver\Src\stm32f4xx_hal_uart.o
 .text.UART_Receive_IT
                0x08001fbc       0x78 Drivers\STM32F4xx_HAL_Driver\Src\stm32f4xx_hal_uart.o
 .text.HAL_UART_RxHalfCpltCallback
                0x08002034        0x2 Drivers\STM32F4xx_HAL_Driver\Src\stm32f4xx_hal_uart.o
                0x08002034                HAL_UART_RxHalfCpltCallback
 .text.UART_DMARxHalfCplt
                0x08002036        0xa Drivers\STM32F4xx_HAL_Driver\Src\stm32f4xx_hal_uart.o
 .text.HAL_UART_ErrorCallback
                0x08002040        0x2 Drivers\STM32F4xx_HAL_Driver\Src\stm32f4xx_hal_uart.o
                0x08002040                HAL_UART_ErrorCallback
 .text.UART_DMAError
                0x08002042       0x4e Drivers\STM32F4xx_HAL_Driver\Src\stm32f4xx_hal_uart.o
 .text.HAL_UART_IRQHandler
                0x08002090      0x140 Drivers\STM32F4xx_HAL_Driver\Src\stm32f4xx_hal_uart.o
                0x08002090                HAL_UART_IRQHandler
 .text.UART_DMAAbortOnError
                0x080021d0       0x10 Drivers\STM32F4xx_HAL_Driver\Src\stm32f4xx_hal_uart.o
 .text.FSMC_NORSRAM_Init
                0x080021e0       0x58 Drivers\STM32F4xx_HAL_Driver\Src\stm32f4xx_ll_fsmc.o
                0x080021e0                FSMC_NORSRAM_Init
 .text.FSMC_NORSRAM_Timing_Init
                0x08002238       0x3c Drivers\STM32F4xx_HAL_Driver\Src\stm32f4xx_ll_fsmc.o
                0x08002238                FSMC_NORSRAM_Timing_Init
 .text.FSMC_NORSRAM_Extended_Timing_Init
                0x08002274       0x3c Drivers\STM32F4xx_HAL_Driver\Src\stm32f4xx_ll_fsmc.o
                0x08002274                FSMC_NORSRAM_Extended_Timing_Init
 .text.SDMMC_GetCmdResp2
                0x080022b0       0x50 Drivers\STM32F4xx_HAL_Driver\Src\stm32f4xx_ll_sdmmc.o
 .text.SDMMC_GetCmdResp3
                0x08002300       0x44 Drivers\STM32F4xx_HAL_Driver\Src\stm32f4xx_ll_sdmmc.o
 .text.SDIO_Init
                0x08002344       0x36 Drivers\STM32F4xx_HAL_Driver\Src\stm32f4xx_ll_sdmmc.o
                0x08002344                SDIO_Init
 .text.SDIO_ReadFIFO
                0x0800237a        0x6 Drivers\STM32F4xx_HAL_Driver\Src\stm32f4xx_ll_sdmmc.o
                0x0800237a                SDIO_ReadFIFO
 .text.SDIO_WriteFIFO
                0x08002380        0xa Drivers\STM32F4xx_HAL_Driver\Src\stm32f4xx_ll_sdmmc.o
                0x08002380                SDIO_WriteFIFO
 .text.SDIO_PowerState_ON
                0x0800238a        0x8 Drivers\STM32F4xx_HAL_Driver\Src\stm32f4xx_ll_sdmmc.o
                0x0800238a                SDIO_PowerState_ON
 .text.SDIO_GetPowerState
                0x08002392        0x8 Drivers\STM32F4xx_HAL_Driver\Src\stm32f4xx_ll_sdmmc.o
                0x08002392                SDIO_GetPowerState
 .text.SDIO_SendCommand
                0x0800239a       0x26 Drivers\STM32F4xx_HAL_Driver\Src\stm32f4xx_ll_sdmmc.o
                0x0800239a                SDIO_SendCommand
 .text.SDIO_GetResponse
                0x080023c0       0x14 Drivers\STM32F4xx_HAL_Driver\Src\stm32f4xx_ll_sdmmc.o
                0x080023c0                SDIO_GetResponse
 .text.SDMMC_GetCmdResp1
                0x080023d4      0x120 Drivers\STM32F4xx_HAL_Driver\Src\stm32f4xx_ll_sdmmc.o
 .text.SDIO_ConfigData
                0x080024f4       0x26 Drivers\STM32F4xx_HAL_Driver\Src\stm32f4xx_ll_sdmmc.o
                0x080024f4                SDIO_ConfigData
 .text.SDMMC_CmdBlockLength
                0x0800251a       0x30 Drivers\STM32F4xx_HAL_Driver\Src\stm32f4xx_ll_sdmmc.o
                0x0800251a                SDMMC_CmdBlockLength
 .text.SDMMC_CmdReadSingleBlock
                0x0800254a       0x30 Drivers\STM32F4xx_HAL_Driver\Src\stm32f4xx_ll_sdmmc.o
                0x0800254a                SDMMC_CmdReadSingleBlock
 .text.SDMMC_CmdReadMultiBlock
                0x0800257a       0x30 Drivers\STM32F4xx_HAL_Driver\Src\stm32f4xx_ll_sdmmc.o
                0x0800257a                SDMMC_CmdReadMultiBlock
 .text.SDMMC_CmdWriteSingleBlock
                0x080025aa       0x30 Drivers\STM32F4xx_HAL_Driver\Src\stm32f4xx_ll_sdmmc.o
                0x080025aa                SDMMC_CmdWriteSingleBlock
 .text.SDMMC_CmdWriteMultiBlock
                0x080025da       0x30 Drivers\STM32F4xx_HAL_Driver\Src\stm32f4xx_ll_sdmmc.o
                0x080025da                SDMMC_CmdWriteMultiBlock
 *fill*         0x0800260a        0x2 
 .text.SDMMC_CmdStopTransfer
                0x0800260c       0x34 Drivers\STM32F4xx_HAL_Driver\Src\stm32f4xx_ll_sdmmc.o
                0x0800260c                SDMMC_CmdStopTransfer
 .text.SDMMC_CmdSelDesel
                0x08002640       0x30 Drivers\STM32F4xx_HAL_Driver\Src\stm32f4xx_ll_sdmmc.o
                0x08002640                SDMMC_CmdSelDesel
 .text.SDMMC_CmdGoIdleState
                0x08002670       0x50 Drivers\STM32F4xx_HAL_Driver\Src\stm32f4xx_ll_sdmmc.o
                0x08002670                SDMMC_CmdGoIdleState
 .text.SDMMC_CmdOperCond
                0x080026c0       0x70 Drivers\STM32F4xx_HAL_Driver\Src\stm32f4xx_ll_sdmmc.o
                0x080026c0                SDMMC_CmdOperCond
 .text.SDMMC_CmdAppCommand
                0x08002730       0x30 Drivers\STM32F4xx_HAL_Driver\Src\stm32f4xx_ll_sdmmc.o
                0x08002730                SDMMC_CmdAppCommand
 .text.SDMMC_CmdAppOperCommand
                0x08002760       0x32 Drivers\STM32F4xx_HAL_Driver\Src\stm32f4xx_ll_sdmmc.o
                0x08002760                SDMMC_CmdAppOperCommand
 .text.SDMMC_CmdSendSCR
                0x08002792       0x30 Drivers\STM32F4xx_HAL_Driver\Src\stm32f4xx_ll_sdmmc.o
                0x08002792                SDMMC_CmdSendSCR
 .text.SDMMC_CmdSendCID
                0x080027c2       0x2a Drivers\STM32F4xx_HAL_Driver\Src\stm32f4xx_ll_sdmmc.o
                0x080027c2                SDMMC_CmdSendCID
 .text.SDMMC_CmdSendCSD
                0x080027ec       0x2a Drivers\STM32F4xx_HAL_Driver\Src\stm32f4xx_ll_sdmmc.o
                0x080027ec                SDMMC_CmdSendCSD
 *fill*         0x08002816        0x2 
 .text.SDMMC_CmdSetRelAdd
                0x08002818       0xa8 Drivers\STM32F4xx_HAL_Driver\Src\stm32f4xx_ll_sdmmc.o
                0x08002818                SDMMC_CmdSetRelAdd
 .text.SDMMC_CmdSendStatus
                0x080028c0       0x30 Drivers\STM32F4xx_HAL_Driver\Src\stm32f4xx_ll_sdmmc.o
                0x080028c0                SDMMC_CmdSendStatus
 .text.SDMMC_CmdSwitch
                0x080028f0       0x30 Drivers\STM32F4xx_HAL_Driver\Src\stm32f4xx_ll_sdmmc.o
                0x080028f0                SDMMC_CmdSwitch
 .text.SDMMC_CmdBusWidth
                0x08002920        0x4 Drivers\STM32F4xx_HAL_Driver\Src\stm32f4xx_ll_sdmmc.o
                0x08002920                SDMMC_CmdBusWidth
 .text.SD_initialize
                0x08002924       0x20 Middlewares\Third_Party\FatFs\src\drivers\sd_diskio.o
                0x08002924                SD_initialize
 .text.SD_status
                0x08002944       0x20 Middlewares\Third_Party\FatFs\src\drivers\sd_diskio.o
                0x08002944                SD_status
 .text.SD_read  0x08002964       0x2c Middlewares\Third_Party\FatFs\src\drivers\sd_diskio.o
                0x08002964                SD_read
 .text.SD_ioctl
                0x08002990       0x50 Middlewares\Third_Party\FatFs\src\drivers\sd_diskio.o
                0x08002990                SD_ioctl
 .text.SD_write
                0x080029e0       0x2c Middlewares\Third_Party\FatFs\src\drivers\sd_diskio.o
                0x080029e0                SD_write
 .text.FATFS_LinkDriverEx
                0x08002a0c       0x44 Middlewares\Third_Party\FatFs\src\ff_gen_drv.o
                0x08002a0c                FATFS_LinkDriverEx
 .text.FATFS_LinkDriver
                0x08002a50        0x6 Middlewares\Third_Party\FatFs\src\ff_gen_drv.o
                0x08002a50                FATFS_LinkDriver
 *fill*         0x08002a56        0x2 
 .text.BSP_SD_Init
                0x08002a58       0x34 Src\bsp_driver_sd.o
                0x08002a58                BSP_SD_Init
 .text.BSP_SD_ReadBlocks
                0x08002a8c       0x20 Src\bsp_driver_sd.o
                0x08002a8c                BSP_SD_ReadBlocks
 .text.BSP_SD_WriteBlocks
                0x08002aac       0x20 Src\bsp_driver_sd.o
                0x08002aac                BSP_SD_WriteBlocks
 .text.BSP_SD_GetCardState
                0x08002acc       0x14 Src\bsp_driver_sd.o
                0x08002acc                BSP_SD_GetCardState
 .text.BSP_SD_GetCardInfo
                0x08002ae0        0xc Src\bsp_driver_sd.o
                0x08002ae0                BSP_SD_GetCardInfo
 .text.DWT_Delay_Init
                0x08002aec       0x40 Src\dwt_stm32_delay.o
                0x08002aec                DWT_Delay_Init
 .text.MX_FATFS_Init
                0x08002b2c       0x1c Src\fatfs.o
                0x08002b2c                MX_FATFS_Init
 .text.DWT_Delay_us.constprop.0
                0x08002b48       0x28 Src\main.o
 .text.SystemClock_Config
                0x08002b70       0xac Src\main.o
                0x08002b70                SystemClock_Config
 .text.time_log
                0x08002c1c       0x44 Src\main.o
                0x08002c1c                time_log
 .text.send_to_VHF
                0x08002c60       0x74 Src\main.o
                0x08002c60                send_to_VHF
 .text.parse_nmea
                0x08002cd4       0x70 Src\main.o
                0x08002cd4                parse_nmea
 .text.CrcCalculate
                0x08002d44       0x3c Src\main.o
                0x08002d44                CrcCalculate
 .text.send_to_stm3
                0x08002d80       0x44 Src\main.o
                0x08002d80                send_to_stm3
 .text.startup.main
                0x08002dc4      0x46c Src\main.o
                0x08002dc4                main
 .text._Error_Handler
                0x08003230        0x2 Src\main.o
                0x08003230                _Error_Handler
 .text.HAL_MspInit
                0x08003232       0x60 Src\stm32f4xx_hal_msp.o
                0x08003232                HAL_MspInit
 *fill*         0x08003292        0x2 
 .text.HAL_SD_MspInit
                0x08003294       0x68 Src\stm32f4xx_hal_msp.o
                0x08003294                HAL_SD_MspInit
 .text.HAL_TIM_Base_MspInit
                0x080032fc       0x3c Src\stm32f4xx_hal_msp.o
                0x080032fc                HAL_TIM_Base_MspInit
 .text.HAL_UART_MspInit
                0x08003338      0x240 Src\stm32f4xx_hal_msp.o
                0x08003338                HAL_UART_MspInit
 .text.HAL_NOR_MspInit
                0x08003578       0x84 Src\stm32f4xx_hal_msp.o
                0x08003578                HAL_NOR_MspInit
 .text.NMI_Handler
                0x080035fc        0x2 Src\stm32f4xx_it.o
                0x080035fc                NMI_Handler
 .text.HardFault_Handler
                0x080035fe        0x2 Src\stm32f4xx_it.o
                0x080035fe                HardFault_Handler
 .text.MemManage_Handler
                0x08003600        0x2 Src\stm32f4xx_it.o
                0x08003600                MemManage_Handler
 .text.BusFault_Handler
                0x08003602        0x2 Src\stm32f4xx_it.o
                0x08003602                BusFault_Handler
 .text.UsageFault_Handler
                0x08003604        0x2 Src\stm32f4xx_it.o
                0x08003604                UsageFault_Handler
 .text.SVC_Handler
                0x08003606        0x2 Src\stm32f4xx_it.o
                0x08003606                SVC_Handler
 .text.DebugMon_Handler
                0x08003608        0x2 Src\stm32f4xx_it.o
                0x08003608                DebugMon_Handler
 .text.PendSV_Handler
                0x0800360a        0x2 Src\stm32f4xx_it.o
                0x0800360a                PendSV_Handler
 .text.SysTick_Handler
                0x0800360c        0xe Src\stm32f4xx_it.o
                0x0800360c                SysTick_Handler
 *fill*         0x0800361a        0x2 
 .text.EXTI3_IRQHandler
                0x0800361c       0x30 Src\stm32f4xx_it.o
                0x0800361c                EXTI3_IRQHandler
 .text.DMA1_Stream1_IRQHandler
                0x0800364c        0xc Src\stm32f4xx_it.o
                0x0800364c                DMA1_Stream1_IRQHandler
 .text.DMA1_Stream2_IRQHandler
                0x08003658        0xc Src\stm32f4xx_it.o
                0x08003658                DMA1_Stream2_IRQHandler
 .text.DMA1_Stream3_IRQHandler
                0x08003664        0xc Src\stm32f4xx_it.o
                0x08003664                DMA1_Stream3_IRQHandler
 .text.DMA1_Stream4_IRQHandler
                0x08003670        0xc Src\stm32f4xx_it.o
                0x08003670                DMA1_Stream4_IRQHandler
 .text.TIM4_IRQHandler
                0x0800367c       0x3c Src\stm32f4xx_it.o
                0x0800367c                TIM4_IRQHandler
 .text.USART3_IRQHandler
                0x080036b8        0xc Src\stm32f4xx_it.o
                0x080036b8                USART3_IRQHandler
 .text.UART4_IRQHandler
                0x080036c4        0xc Src\stm32f4xx_it.o
                0x080036c4                UART4_IRQHandler
 .text.DMA2_Stream2_IRQHandler
                0x080036d0        0xc Src\stm32f4xx_it.o
                0x080036d0                DMA2_Stream2_IRQHandler
 .text.HAL_UART_TxCpltCallback
                0x080036dc       0x60 Src\stm32f4xx_it.o
                0x080036dc                HAL_UART_TxCpltCallback
 .text.HAL_UART_RxCpltCallback
                0x0800373c       0x40 Src\stm32f4xx_it.o
                0x0800373c                HAL_UART_RxCpltCallback
 .text.SystemInit
                0x0800377c       0x4c Src\system_stm32f4xx.o
                0x0800377c                SystemInit
 .text.Reset_Handler
                0x080037c8       0x50 startup\startup_stm32f407xx.o
                0x080037c8                Reset_Handler
 .text.Default_Handler
                0x08003818        0x2 startup\startup_stm32f407xx.o
                0x08003818                RTC_Alarm_IRQHandler
                0x08003818                HASH_RNG_IRQHandler
                0x08003818                EXTI2_IRQHandler
                0x08003818                TIM8_CC_IRQHandler
                0x08003818                TIM1_CC_IRQHandler
                0x08003818                DMA2_Stream5_IRQHandler
                0x08003818                DMA1_Stream5_IRQHandler
                0x08003818                PVD_IRQHandler
                0x08003818                SDIO_IRQHandler
                0x08003818                TAMP_STAMP_IRQHandler
                0x08003818                CAN2_RX1_IRQHandler
                0x08003818                TIM8_TRG_COM_TIM14_IRQHandler
                0x08003818                TIM1_UP_TIM10_IRQHandler
                0x08003818                TIM8_UP_TIM13_IRQHandler
                0x08003818                I2C3_ER_IRQHandler
                0x08003818                EXTI0_IRQHandler
                0x08003818                I2C2_EV_IRQHandler
                0x08003818                CAN1_RX0_IRQHandler
                0x08003818                FPU_IRQHandler
                0x08003818                OTG_HS_WKUP_IRQHandler
                0x08003818                CAN2_SCE_IRQHandler
                0x08003818                SPI1_IRQHandler
                0x08003818                TIM6_DAC_IRQHandler
                0x08003818                TIM1_BRK_TIM9_IRQHandler
                0x08003818                DCMI_IRQHandler
                0x08003818                CAN2_RX0_IRQHandler
                0x08003818                DMA2_Stream3_IRQHandler
                0x08003818                USART6_IRQHandler
                0x08003818                CAN1_RX1_IRQHandler
                0x08003818                UART5_IRQHandler
                0x08003818                DMA2_Stream0_IRQHandler
                0x08003818                I2C1_EV_IRQHandler
                0x08003818                DMA1_Stream6_IRQHandler
                0x08003818                TIM3_IRQHandler
                0x08003818                RCC_IRQHandler
                0x08003818                TIM8_BRK_TIM12_IRQHandler
                0x08003818                Default_Handler
                0x08003818                EXTI15_10_IRQHandler
                0x08003818                ADC_IRQHandler
                0x08003818                DMA1_Stream7_IRQHandler
                0x08003818                TIM7_IRQHandler
                0x08003818                CAN2_TX_IRQHandler
                0x08003818                TIM5_IRQHandler
                0x08003818                DMA2_Stream7_IRQHandler
                0x08003818                I2C3_EV_IRQHandler
                0x08003818                EXTI9_5_IRQHandler
                0x08003818                RTC_WKUP_IRQHandler
                0x08003818                ETH_WKUP_IRQHandler
                0x08003818                SPI2_IRQHandler
                0x08003818                OTG_HS_EP1_IN_IRQHandler
                0x08003818                DMA1_Stream0_IRQHandler
                0x08003818                CAN1_TX_IRQHandler
                0x08003818                EXTI4_IRQHandler
                0x08003818                FSMC_IRQHandler
                0x08003818                ETH_IRQHandler
                0x08003818                OTG_HS_EP1_OUT_IRQHandler
                0x08003818                WWDG_IRQHandler
                0x08003818                TIM2_IRQHandler
                0x08003818                OTG_FS_WKUP_IRQHandler
                0x08003818                TIM1_TRG_COM_TIM11_IRQHandler
                0x08003818                OTG_HS_IRQHandler
                0x08003818                EXTI1_IRQHandler
                0x08003818                USART2_IRQHandler
                0x08003818                I2C2_ER_IRQHandler
                0x08003818                DMA2_Stream1_IRQHandler
                0x08003818                CAN1_SCE_IRQHandler
                0x08003818                FLASH_IRQHandler
                0x08003818                DMA2_Stream4_IRQHandler
                0x08003818                USART1_IRQHandler
                0x08003818                OTG_FS_IRQHandler
                0x08003818                SPI3_IRQHandler
                0x08003818                I2C1_ER_IRQHandler
                0x08003818                DMA2_Stream6_IRQHandler
 *fill*         0x0800381a        0x2 
 .text.__libc_init_array
                0x0800381c       0x4c c:/program files (x86)/atollic/truestudio for arm 7.1.0/armtools/bin/../lib/gcc/arm-atollic-eabi/5.3.1/../../../../arm-atollic-eabi/lib/armv7e-m/fpu\libc_nano.a(lib_a-init.o)
                0x0800381c                __libc_init_array
 .text.memset   0x08003868       0x10 c:/program files (x86)/atollic/truestudio for arm 7.1.0/armtools/bin/../lib/gcc/arm-atollic-eabi/5.3.1/../../../../arm-atollic-eabi/lib/armv7e-m/fpu\libc_nano.a(lib_a-memset.o)
                0x08003868                memset
 *(.glue_7)
 .glue_7        0x08003878        0x0 linker stubs
 *(.glue_7t)
 .glue_7t       0x08003878        0x0 linker stubs
 *(.eh_frame)
 .eh_frame      0x08003878        0x0 c:/program files (x86)/atollic/truestudio for arm 7.1.0/armtools/bin/../lib/gcc/arm-atollic-eabi/5.3.1/armv7e-m/fpu/crtbegin.o
 *(.init)
 .init          0x08003878        0x4 c:/program files (x86)/atollic/truestudio for arm 7.1.0/armtools/bin/../lib/gcc/arm-atollic-eabi/5.3.1/armv7e-m/fpu/crti.o
                0x08003878                _init
 .init          0x0800387c        0x8 c:/program files (x86)/atollic/truestudio for arm 7.1.0/armtools/bin/../lib/gcc/arm-atollic-eabi/5.3.1/armv7e-m/fpu/crtn.o
 *(.fini)
 .fini          0x08003884        0x4 c:/program files (x86)/atollic/truestudio for arm 7.1.0/armtools/bin/../lib/gcc/arm-atollic-eabi/5.3.1/armv7e-m/fpu/crti.o
                0x08003884                _fini
 .fini          0x08003888        0x8 c:/program files (x86)/atollic/truestudio for arm 7.1.0/armtools/bin/../lib/gcc/arm-atollic-eabi/5.3.1/armv7e-m/fpu/crtn.o
                0x08003890                . = ALIGN (0x4)
                0x08003890                _etext = .

.vfp11_veneer   0x08003890        0x0
 .vfp11_veneer  0x08003890        0x0 linker stubs

.v4_bx          0x08003890        0x0
 .v4_bx         0x08003890        0x0 linker stubs

.iplt           0x08003890        0x0
 .iplt          0x08003890        0x0 c:/program files (x86)/atollic/truestudio for arm 7.1.0/armtools/bin/../lib/gcc/arm-atollic-eabi/5.3.1/armv7e-m/fpu/crtbegin.o

.rodata         0x08003890       0x50
                0x08003890                . = ALIGN (0x4)
 *(.rodata)
 *(.rodata*)
 .rodata.flagBitshiftOffset.8231
                0x08003890        0x8 Drivers\STM32F4xx_HAL_Driver\Src\stm32f4xx_hal_dma.o
 .rodata.SD_Driver
                0x08003898       0x14 Middlewares\Third_Party\FatFs\src\drivers\sd_diskio.o
                0x08003898                SD_Driver
 .rodata.str1.1
                0x080038ac       0x1b Src\stm32f4xx_hal_msp.o
 .rodata.AHBPrescTable
                0x080038c7       0x10 Src\system_stm32f4xx.o
                0x080038c7                AHBPrescTable
 .rodata.APBPrescTable
                0x080038d7        0x8 Src\system_stm32f4xx.o
                0x080038d7                APBPrescTable
                0x080038e0                . = ALIGN (0x4)
 *fill*         0x080038df        0x1 

.rel.dyn        0x080038e0        0x0
 .rel.iplt      0x080038e0        0x0 c:/program files (x86)/atollic/truestudio for arm 7.1.0/armtools/bin/../lib/gcc/arm-atollic-eabi/5.3.1/armv7e-m/fpu/crtbegin.o

.ARM.extab
 *(.ARM.extab* .gnu.linkonce.armextab.*)

.ARM            0x080038e0        0x0
                0x080038e0                __exidx_start = .
 *(.ARM.exidx*)
                0x080038e0                __exidx_end = .

.preinit_array  0x080038e0        0x0
                0x080038e0                PROVIDE (__preinit_array_start, .)
 *(.preinit_array*)
                0x080038e0                PROVIDE (__preinit_array_end, .)

.init_array     0x080038e0        0x4
                0x080038e0                PROVIDE (__init_array_start, .)
 *(SORT(.init_array.*))
 *(.init_array*)
 .init_array    0x080038e0        0x4 c:/program files (x86)/atollic/truestudio for arm 7.1.0/armtools/bin/../lib/gcc/arm-atollic-eabi/5.3.1/armv7e-m/fpu/crtbegin.o
                0x080038e4                PROVIDE (__init_array_end, .)

.fini_array     0x080038e4        0x4
                [!provide]                PROVIDE (__fini_array_start, .)
 *(SORT(.fini_array.*))
 *(.fini_array*)
 .fini_array    0x080038e4        0x4 c:/program files (x86)/atollic/truestudio for arm 7.1.0/armtools/bin/../lib/gcc/arm-atollic-eabi/5.3.1/armv7e-m/fpu/crtbegin.o
                [!provide]                PROVIDE (__fini_array_end, .)
                0x080038e8                _sidata = LOADADDR (.data)

.data           0x20000000       0x24 load address 0x080038e8
                0x20000000                . = ALIGN (0x4)
                0x20000000                _sdata = .
 *(.data)
 *(.data*)
 .data.Stat     0x20000000        0x1 Middlewares\Third_Party\FatFs\src\drivers\sd_diskio.o
 .data.DMA_TX_UART4_BUFFER
                0x20000001       0x1a Src\main.o
                0x20000001                DMA_TX_UART4_BUFFER
 .data.UART4_DONE
                0x2000001b        0x1 Src\main.o
                0x2000001b                UART4_DONE
 .data.UART1_DONE
                0x2000001c        0x1 Src\main.o
                0x2000001c                UART1_DONE
 .data.UART3_DONE
                0x2000001d        0x1 Src\main.o
                0x2000001d                UART3_DONE
 *fill*         0x2000001e        0x2 
 .data.SystemCoreClock
                0x20000020        0x4 Src\system_stm32f4xx.o
                0x20000020                SystemCoreClock
                0x20000024                . = ALIGN (0x4)
                0x20000024                _edata = .
                0x0800390c                _siccmram = LOADADDR (.ccmram)

.igot.plt       0x20000024        0x0 load address 0x0800390c
 .igot.plt      0x20000024        0x0 c:/program files (x86)/atollic/truestudio for arm 7.1.0/armtools/bin/../lib/gcc/arm-atollic-eabi/5.3.1/armv7e-m/fpu/crtbegin.o

.ccmram         0x10000000        0x0 load address 0x0800390c
                0x10000000                . = ALIGN (0x4)
                0x10000000                _sccmram = .
 *(.ccmram)
 *(.ccmram*)
                0x10000000                . = ALIGN (0x4)
                0x10000000                _eccmram = .
                0x10000000                . = ALIGN (0x4)

.bss            0x20000024      0x960
                0x20000024                _sbss = .
                0x20000024                __bss_start__ = _sbss
 *(.bss)
 .bss           0x20000024       0x1c c:/program files (x86)/atollic/truestudio for arm 7.1.0/armtools/bin/../lib/gcc/arm-atollic-eabi/5.3.1/armv7e-m/fpu/crtbegin.o
 *(.bss*)
 .bss.uwNORMemoryDataWidth
                0x20000040        0x4 Drivers\STM32F4xx_HAL_Driver\Src\stm32f4xx_hal_nor.o
 .bss.disk      0x20000044        0xc Middlewares\Third_Party\FatFs\src\ff_gen_drv.o
                0x20000044                disk
 .bss.UART1_FULL
                0x20000050        0x1 Src\main.o
                0x20000050                UART1_FULL
 .bss.UART4_FULL
                0x20000051        0x1 Src\main.o
                0x20000051                UART4_FULL
 .bss.message.8581
                0x20000052       0x1a Src\main.o
 .bss.UART3_FULL
                0x2000006c        0x1 Src\main.o
                0x2000006c                UART3_FULL
 .bss.send_stm3.8595
                0x2000006d       0x1b Src\main.o
 .bss.FSMC_Initialized
                0x20000088        0x4 Src\stm32f4xx_hal_msp.o
 *(COMMON)
 COMMON         0x2000008c      0x204 Drivers\STM32F4xx_HAL_Driver\Src\stm32f4xx_hal.o
                0x2000008c                uwTick
                0x20000090                DMA_TX_UART3_BUFFER
                0x20000190                DMA_TX_UART1_BUFFER
 COMMON         0x20000290        0x5 Src\fatfs.o
                0x20000290                retSD
                0x20000291                SD_Path
 *fill*         0x20000295        0x3 
 COMMON         0x20000298      0x6e8 Src\main.o
                0x20000298                DMA_RX_UART1_BUFFER
                0x20000398                DMA_RX_UART4_BUFFER
                0x20000498                hdma_uart4_rx
                0x200004f8                htim4
                0x20000534                hdma_usart3_rx
                0x20000594                huart3
                0x200005d4                DMA_RX_UART3_BUFFER
                0x200006d4                hdma_usart3_tx
                0x20000734                hdma_usart1_rx
                0x20000794                huart1
                0x200007d4                hnor1
                0x20000820                hsd
                0x200008a4                huart4
                0x200008e4                TIM_Handle
                0x20000920                hdma_uart4_tx
 COMMON         0x20000980        0x4 Src\stm32f4xx_it.o
                0x20000980                nu
                0x20000984                . = ALIGN (0x4)
                0x20000984                _ebss = .
                0x20000984                __bss_end__ = _ebss

._user_heap_stack
                0x20000984     0x4200
                0x20000984                . = ALIGN (0x4)
                [!provide]                PROVIDE (end, .)
                [!provide]                PROVIDE (_end, .)
                0x20000b84                . = (. + _Min_Heap_Size)
 *fill*         0x20000984      0x200 
                0x20004b84                . = (. + _Min_Stack_Size)
 *fill*         0x20000b84     0x4000 
                0x20004b84                . = ALIGN (0x4)

/DISCARD/
 libc.a(*)
 libm.a(*)
 libgcc.a(*)

.ARM.attributes
                0x00000000       0x30
 *(.ARM.attributes)
 .ARM.attributes
                0x00000000       0x22 c:/program files (x86)/atollic/truestudio for arm 7.1.0/armtools/bin/../lib/gcc/arm-atollic-eabi/5.3.1/armv7e-m/fpu/crti.o
 .ARM.attributes
                0x00000022       0x34 c:/program files (x86)/atollic/truestudio for arm 7.1.0/armtools/bin/../lib/gcc/arm-atollic-eabi/5.3.1/armv7e-m/fpu/crtbegin.o
 .ARM.attributes
                0x00000056       0x39 Drivers\STM32F4xx_HAL_Driver\Src\stm32f4xx_hal.o
 .ARM.attributes
                0x0000008f       0x39 Drivers\STM32F4xx_HAL_Driver\Src\stm32f4xx_hal_cortex.o
 .ARM.attributes
                0x000000c8       0x39 Drivers\STM32F4xx_HAL_Driver\Src\stm32f4xx_hal_dma.o
 .ARM.attributes
                0x00000101       0x39 Drivers\STM32F4xx_HAL_Driver\Src\stm32f4xx_hal_gpio.o
 .ARM.attributes
                0x0000013a       0x39 Drivers\STM32F4xx_HAL_Driver\Src\stm32f4xx_hal_nor.o
 .ARM.attributes
                0x00000173       0x39 Drivers\STM32F4xx_HAL_Driver\Src\stm32f4xx_hal_rcc.o
 .ARM.attributes
                0x000001ac       0x39 Drivers\STM32F4xx_HAL_Driver\Src\stm32f4xx_hal_sd.o
 .ARM.attributes
                0x000001e5       0x39 Drivers\STM32F4xx_HAL_Driver\Src\stm32f4xx_hal_tim.o
 .ARM.attributes
                0x0000021e       0x39 Drivers\STM32F4xx_HAL_Driver\Src\stm32f4xx_hal_tim_ex.o
 .ARM.attributes
                0x00000257       0x39 Drivers\STM32F4xx_HAL_Driver\Src\stm32f4xx_hal_uart.o
 .ARM.attributes
                0x00000290       0x39 Drivers\STM32F4xx_HAL_Driver\Src\stm32f4xx_ll_fsmc.o
 .ARM.attributes
                0x000002c9       0x39 Drivers\STM32F4xx_HAL_Driver\Src\stm32f4xx_ll_sdmmc.o
 .ARM.attributes
                0x00000302       0x39 Middlewares\Third_Party\FatFs\src\drivers\sd_diskio.o
 .ARM.attributes
                0x0000033b       0x39 Middlewares\Third_Party\FatFs\src\ff_gen_drv.o
 .ARM.attributes
                0x00000374       0x39 Src\bsp_driver_sd.o
 .ARM.attributes
                0x000003ad       0x39 Src\dwt_stm32_delay.o
 .ARM.attributes
                0x000003e6       0x39 Src\fatfs.o
 .ARM.attributes
                0x0000041f       0x39 Src\main.o
 .ARM.attributes
                0x00000458       0x39 Src\stm32f4xx_hal_msp.o
 .ARM.attributes
                0x00000491       0x39 Src\stm32f4xx_it.o
 .ARM.attributes
                0x000004ca       0x39 Src\system_stm32f4xx.o
 .ARM.attributes
                0x00000503       0x21 startup\startup_stm32f407xx.o
 .ARM.attributes
                0x00000524       0x34 c:/program files (x86)/atollic/truestudio for arm 7.1.0/armtools/bin/../lib/gcc/arm-atollic-eabi/5.3.1/../../../../arm-atollic-eabi/lib/armv7e-m/fpu\libc_nano.a(lib_a-init.o)
 .ARM.attributes
                0x00000558       0x34 c:/program files (x86)/atollic/truestudio for arm 7.1.0/armtools/bin/../lib/gcc/arm-atollic-eabi/5.3.1/../../../../arm-atollic-eabi/lib/armv7e-m/fpu\libc_nano.a(lib_a-memset.o)
 .ARM.attributes
                0x0000058c       0x22 c:/program files (x86)/atollic/truestudio for arm 7.1.0/armtools/bin/../lib/gcc/arm-atollic-eabi/5.3.1/armv7e-m/fpu/crtn.o
OUTPUT(uart_DMA.elf elf32-littlearm)

.debug_info     0x00000000    0x15384
 .debug_info    0x00000000      0xa0a Drivers\STM32F4xx_HAL_Driver\Src\stm32f4xx_hal.o
 .debug_info    0x00000a0a      0xfd5 Drivers\STM32F4xx_HAL_Driver\Src\stm32f4xx_hal_cortex.o
 .debug_info    0x000019df      0xb07 Drivers\STM32F4xx_HAL_Driver\Src\stm32f4xx_hal_dma.o
 .debug_info    0x000024e6      0x80c Drivers\STM32F4xx_HAL_Driver\Src\stm32f4xx_hal_gpio.o
 .debug_info    0x00002cf2      0xb50 Drivers\STM32F4xx_HAL_Driver\Src\stm32f4xx_hal_nor.o
 .debug_info    0x00003842      0xd8c Drivers\STM32F4xx_HAL_Driver\Src\stm32f4xx_hal_rcc.o
 .debug_info    0x000045ce     0x2273 Drivers\STM32F4xx_HAL_Driver\Src\stm32f4xx_hal_sd.o
 .debug_info    0x00006841     0x2f9b Drivers\STM32F4xx_HAL_Driver\Src\stm32f4xx_hal_tim.o
 .debug_info    0x000097dc     0x1070 Drivers\STM32F4xx_HAL_Driver\Src\stm32f4xx_hal_tim_ex.o
 .debug_info    0x0000a84c     0x15e5 Drivers\STM32F4xx_HAL_Driver\Src\stm32f4xx_hal_uart.o
 .debug_info    0x0000be31      0xb2e Drivers\STM32F4xx_HAL_Driver\Src\stm32f4xx_ll_fsmc.o
 .debug_info    0x0000c95f     0x173b Drivers\STM32F4xx_HAL_Driver\Src\stm32f4xx_ll_sdmmc.o
 .debug_info    0x0000e09a      0x740 Middlewares\Third_Party\FatFs\src\drivers\sd_diskio.o
 .debug_info    0x0000e7da      0x573 Middlewares\Third_Party\FatFs\src\ff_gen_drv.o
 .debug_info    0x0000ed4d      0xc3b Src\bsp_driver_sd.o
 .debug_info    0x0000f988      0x36d Src\dwt_stm32_delay.o
 .debug_info    0x0000fcf5      0x364 Src\fatfs.o
 .debug_info    0x00010059     0x261e Src\main.o
 .debug_info    0x00012677     0x19e0 Src\stm32f4xx_hal_msp.o
 .debug_info    0x00014057      0xcc7 Src\stm32f4xx_it.o
 .debug_info    0x00014d1e      0x5d6 Src\system_stm32f4xx.o
 .debug_info    0x000152f4       0x90 startup\startup_stm32f407xx.o

.debug_abbrev   0x00000000     0x31f6
 .debug_abbrev  0x00000000      0x26b Drivers\STM32F4xx_HAL_Driver\Src\stm32f4xx_hal.o
 .debug_abbrev  0x0000026b      0x340 Drivers\STM32F4xx_HAL_Driver\Src\stm32f4xx_hal_cortex.o
 .debug_abbrev  0x000005ab      0x2ee Drivers\STM32F4xx_HAL_Driver\Src\stm32f4xx_hal_dma.o
 .debug_abbrev  0x00000899      0x1d9 Drivers\STM32F4xx_HAL_Driver\Src\stm32f4xx_hal_gpio.o
 .debug_abbrev  0x00000a72      0x20c Drivers\STM32F4xx_HAL_Driver\Src\stm32f4xx_hal_nor.o
 .debug_abbrev  0x00000c7e      0x31e Drivers\STM32F4xx_HAL_Driver\Src\stm32f4xx_hal_rcc.o
 .debug_abbrev  0x00000f9c      0x380 Drivers\STM32F4xx_HAL_Driver\Src\stm32f4xx_hal_sd.o
 .debug_abbrev  0x0000131c      0x322 Drivers\STM32F4xx_HAL_Driver\Src\stm32f4xx_hal_tim.o
 .debug_abbrev  0x0000163e      0x281 Drivers\STM32F4xx_HAL_Driver\Src\stm32f4xx_hal_tim_ex.o
 .debug_abbrev  0x000018bf      0x32b Drivers\STM32F4xx_HAL_Driver\Src\stm32f4xx_hal_uart.o
 .debug_abbrev  0x00001bea      0x18f Drivers\STM32F4xx_HAL_Driver\Src\stm32f4xx_ll_fsmc.o
 .debug_abbrev  0x00001d79      0x26a Drivers\STM32F4xx_HAL_Driver\Src\stm32f4xx_ll_sdmmc.o
 .debug_abbrev  0x00001fe3      0x1f3 Middlewares\Third_Party\FatFs\src\drivers\sd_diskio.o
 .debug_abbrev  0x000021d6      0x1db Middlewares\Third_Party\FatFs\src\ff_gen_drv.o
 .debug_abbrev  0x000023b1      0x2a5 Src\bsp_driver_sd.o
 .debug_abbrev  0x00002656       0xbc Src\dwt_stm32_delay.o
 .debug_abbrev  0x00002712      0x13c Src\fatfs.o
 .debug_abbrev  0x0000284e      0x3c6 Src\main.o
 .debug_abbrev  0x00002c14      0x292 Src\stm32f4xx_hal_msp.o
 .debug_abbrev  0x00002ea6      0x23d Src\stm32f4xx_it.o
 .debug_abbrev  0x000030e3      0x101 Src\system_stm32f4xx.o
 .debug_abbrev  0x000031e4       0x12 startup\startup_stm32f407xx.o

.debug_loc      0x00000000     0xa719
 .debug_loc     0x00000000       0x91 Drivers\STM32F4xx_HAL_Driver\Src\stm32f4xx_hal.o
 .debug_loc     0x00000091      0x4cc Drivers\STM32F4xx_HAL_Driver\Src\stm32f4xx_hal_cortex.o
 .debug_loc     0x0000055d      0x740 Drivers\STM32F4xx_HAL_Driver\Src\stm32f4xx_hal_dma.o
 .debug_loc     0x00000c9d      0x374 Drivers\STM32F4xx_HAL_Driver\Src\stm32f4xx_hal_gpio.o
 .debug_loc     0x00001011      0x6c7 Drivers\STM32F4xx_HAL_Driver\Src\stm32f4xx_hal_nor.o
 .debug_loc     0x000016d8      0x485 Drivers\STM32F4xx_HAL_Driver\Src\stm32f4xx_hal_rcc.o
 .debug_loc     0x00001b5d     0x181d Drivers\STM32F4xx_HAL_Driver\Src\stm32f4xx_hal_sd.o
 .debug_loc     0x0000337a     0x3146 Drivers\STM32F4xx_HAL_Driver\Src\stm32f4xx_hal_tim.o
 .debug_loc     0x000064c0      0x8ec Drivers\STM32F4xx_HAL_Driver\Src\stm32f4xx_hal_tim_ex.o
 .debug_loc     0x00006dac     0x13be Drivers\STM32F4xx_HAL_Driver\Src\stm32f4xx_hal_uart.o
 .debug_loc     0x0000816a      0x547 Drivers\STM32F4xx_HAL_Driver\Src\stm32f4xx_ll_fsmc.o
 .debug_loc     0x000086b1      0xf86 Drivers\STM32F4xx_HAL_Driver\Src\stm32f4xx_ll_sdmmc.o
 .debug_loc     0x00009637      0x3d5 Middlewares\Third_Party\FatFs\src\drivers\sd_diskio.o
 .debug_loc     0x00009a0c      0x2cc Middlewares\Third_Party\FatFs\src\ff_gen_drv.o
 .debug_loc     0x00009cd8      0x3c6 Src\bsp_driver_sd.o
 .debug_loc     0x0000a09e      0x397 Src\main.o
 .debug_loc     0x0000a435      0x1b0 Src\stm32f4xx_hal_msp.o
 .debug_loc     0x0000a5e5       0x5d Src\stm32f4xx_it.o
 .debug_loc     0x0000a642       0xd7 Src\system_stm32f4xx.o

.debug_aranges  0x00000000      0xe08
 .debug_aranges
                0x00000000       0xc0 Drivers\STM32F4xx_HAL_Driver\Src\stm32f4xx_hal.o
 .debug_aranges
                0x000000c0       0xa8 Drivers\STM32F4xx_HAL_Driver\Src\stm32f4xx_hal_cortex.o
 .debug_aranges
                0x00000168       0x80 Drivers\STM32F4xx_HAL_Driver\Src\stm32f4xx_hal_dma.o
 .debug_aranges
                0x000001e8       0x58 Drivers\STM32F4xx_HAL_Driver\Src\stm32f4xx_hal_gpio.o
 .debug_aranges
                0x00000240       0xa0 Drivers\STM32F4xx_HAL_Driver\Src\stm32f4xx_hal_nor.o
 .debug_aranges
                0x000002e0       0x80 Drivers\STM32F4xx_HAL_Driver\Src\stm32f4xx_hal_rcc.o
 .debug_aranges
                0x00000360       0xf8 Drivers\STM32F4xx_HAL_Driver\Src\stm32f4xx_hal_sd.o
 .debug_aranges
                0x00000458      0x250 Drivers\STM32F4xx_HAL_Driver\Src\stm32f4xx_hal_tim.o
 .debug_aranges
                0x000006a8       0xf0 Drivers\STM32F4xx_HAL_Driver\Src\stm32f4xx_hal_tim_ex.o
 .debug_aranges
                0x00000798      0x170 Drivers\STM32F4xx_HAL_Driver\Src\stm32f4xx_hal_uart.o
 .debug_aranges
                0x00000908       0xa8 Drivers\STM32F4xx_HAL_Driver\Src\stm32f4xx_ll_fsmc.o
 .debug_aranges
                0x000009b0      0x150 Drivers\STM32F4xx_HAL_Driver\Src\stm32f4xx_ll_sdmmc.o
 .debug_aranges
                0x00000b00       0x40 Middlewares\Third_Party\FatFs\src\drivers\sd_diskio.o
 .debug_aranges
                0x00000b40       0x40 Middlewares\Third_Party\FatFs\src\ff_gen_drv.o
 .debug_aranges
                0x00000b80       0x90 Src\bsp_driver_sd.o
 .debug_aranges
                0x00000c10       0x20 Src\dwt_stm32_delay.o
 .debug_aranges
                0x00000c30       0x28 Src\fatfs.o
 .debug_aranges
                0x00000c58       0x60 Src\main.o
 .debug_aranges
                0x00000cb8       0x60 Src\stm32f4xx_hal_msp.o
 .debug_aranges
                0x00000d18       0xa0 Src\stm32f4xx_it.o
 .debug_aranges
                0x00000db8       0x28 Src\system_stm32f4xx.o
 .debug_aranges
                0x00000de0       0x28 startup\startup_stm32f407xx.o

.debug_ranges   0x00000000     0x1200
 .debug_ranges  0x00000000       0xb0 Drivers\STM32F4xx_HAL_Driver\Src\stm32f4xx_hal.o
 .debug_ranges  0x000000b0      0x158 Drivers\STM32F4xx_HAL_Driver\Src\stm32f4xx_hal_cortex.o
 .debug_ranges  0x00000208       0xa8 Drivers\STM32F4xx_HAL_Driver\Src\stm32f4xx_hal_dma.o
 .debug_ranges  0x000002b0       0x70 Drivers\STM32F4xx_HAL_Driver\Src\stm32f4xx_hal_gpio.o
 .debug_ranges  0x00000320       0x90 Drivers\STM32F4xx_HAL_Driver\Src\stm32f4xx_hal_nor.o
 .debug_ranges  0x000003b0      0x150 Drivers\STM32F4xx_HAL_Driver\Src\stm32f4xx_hal_rcc.o
 .debug_ranges  0x00000500      0x138 Drivers\STM32F4xx_HAL_Driver\Src\stm32f4xx_hal_sd.o
 .debug_ranges  0x00000638      0x330 Drivers\STM32F4xx_HAL_Driver\Src\stm32f4xx_hal_tim.o
 .debug_ranges  0x00000968       0xe0 Drivers\STM32F4xx_HAL_Driver\Src\stm32f4xx_hal_tim_ex.o
 .debug_ranges  0x00000a48      0x178 Drivers\STM32F4xx_HAL_Driver\Src\stm32f4xx_hal_uart.o
 .debug_ranges  0x00000bc0       0x98 Drivers\STM32F4xx_HAL_Driver\Src\stm32f4xx_ll_fsmc.o
 .debug_ranges  0x00000c58      0x158 Drivers\STM32F4xx_HAL_Driver\Src\stm32f4xx_ll_sdmmc.o
 .debug_ranges  0x00000db0       0x30 Middlewares\Third_Party\FatFs\src\drivers\sd_diskio.o
 .debug_ranges  0x00000de0       0x30 Middlewares\Third_Party\FatFs\src\ff_gen_drv.o
 .debug_ranges  0x00000e10       0x80 Src\bsp_driver_sd.o
 .debug_ranges  0x00000e90       0x10 Src\dwt_stm32_delay.o
 .debug_ranges  0x00000ea0       0x18 Src\fatfs.o
 .debug_ranges  0x00000eb8      0x158 Src\main.o
 .debug_ranges  0x00001010      0x128 Src\stm32f4xx_hal_msp.o
 .debug_ranges  0x00001138       0x90 Src\stm32f4xx_it.o
 .debug_ranges  0x000011c8       0x18 Src\system_stm32f4xx.o
 .debug_ranges  0x000011e0       0x20 startup\startup_stm32f407xx.o

.debug_line     0x00000000     0x6dfb
 .debug_line    0x00000000      0x3d2 Drivers\STM32F4xx_HAL_Driver\Src\stm32f4xx_hal.o
 .debug_line    0x000003d2      0x43d Drivers\STM32F4xx_HAL_Driver\Src\stm32f4xx_hal_cortex.o
 .debug_line    0x0000080f      0x54f Drivers\STM32F4xx_HAL_Driver\Src\stm32f4xx_hal_dma.o
 .debug_line    0x00000d5e      0x3db Drivers\STM32F4xx_HAL_Driver\Src\stm32f4xx_hal_gpio.o
 .debug_line    0x00001139      0x55f Drivers\STM32F4xx_HAL_Driver\Src\stm32f4xx_hal_nor.o
 .debug_line    0x00001698      0x5ab Drivers\STM32F4xx_HAL_Driver\Src\stm32f4xx_hal_rcc.o
 .debug_line    0x00001c43      0x943 Drivers\STM32F4xx_HAL_Driver\Src\stm32f4xx_hal_sd.o
 .debug_line    0x00002586     0x109a Drivers\STM32F4xx_HAL_Driver\Src\stm32f4xx_hal_tim.o
 .debug_line    0x00003620      0x633 Drivers\STM32F4xx_HAL_Driver\Src\stm32f4xx_hal_tim_ex.o
 .debug_line    0x00003c53      0xb27 Drivers\STM32F4xx_HAL_Driver\Src\stm32f4xx_hal_uart.o
 .debug_line    0x0000477a      0x44c Drivers\STM32F4xx_HAL_Driver\Src\stm32f4xx_ll_fsmc.o
 .debug_line    0x00004bc6      0x6e5 Drivers\STM32F4xx_HAL_Driver\Src\stm32f4xx_ll_sdmmc.o
 .debug_line    0x000052ab      0x290 Middlewares\Third_Party\FatFs\src\drivers\sd_diskio.o
 .debug_line    0x0000553b      0x208 Middlewares\Third_Party\FatFs\src\ff_gen_drv.o
 .debug_line    0x00005743      0x327 Src\bsp_driver_sd.o
 .debug_line    0x00005a6a      0x16b Src\dwt_stm32_delay.o
 .debug_line    0x00005bd5      0x1f3 Src\fatfs.o
 .debug_line    0x00005dc8      0x5c3 Src\main.o
 .debug_line    0x0000638b      0x494 Src\stm32f4xx_hal_msp.o
 .debug_line    0x0000681f      0x389 Src\stm32f4xx_it.o
 .debug_line    0x00006ba8      0x1d4 Src\system_stm32f4xx.o
 .debug_line    0x00006d7c       0x7f startup\startup_stm32f407xx.o

.debug_str      0x00000000     0x4eb9
 .debug_str     0x00000000      0xb08 Drivers\STM32F4xx_HAL_Driver\Src\stm32f4xx_hal.o
                                0xb75 (size before relaxing)
 .debug_str     0x00000b08      0x3ca Drivers\STM32F4xx_HAL_Driver\Src\stm32f4xx_hal_cortex.o
                                0xcea (size before relaxing)
 .debug_str     0x00000ed2      0x532 Drivers\STM32F4xx_HAL_Driver\Src\stm32f4xx_hal_dma.o
                                0x851 (size before relaxing)
 .debug_str     0x00001404      0x1de Drivers\STM32F4xx_HAL_Driver\Src\stm32f4xx_hal_gpio.o
                                0x5bb (size before relaxing)
 .debug_str     0x000015e2      0x5cb Drivers\STM32F4xx_HAL_Driver\Src\stm32f4xx_hal_nor.o
                                0x929 (size before relaxing)
 .debug_str     0x00001bad      0x2d2 Drivers\STM32F4xx_HAL_Driver\Src\stm32f4xx_hal_rcc.o
                                0x792 (size before relaxing)
 .debug_str     0x00001e7f      0xbde Drivers\STM32F4xx_HAL_Driver\Src\stm32f4xx_hal_sd.o
                               0x11cf (size before relaxing)
 .debug_str     0x00002a5d      0xc5f Drivers\STM32F4xx_HAL_Driver\Src\stm32f4xx_hal_tim.o
                               0x11f8 (size before relaxing)
 .debug_str     0x000036bc      0x43a Drivers\STM32F4xx_HAL_Driver\Src\stm32f4xx_hal_tim_ex.o
                                0xc4f (size before relaxing)
 .debug_str     0x00003af6      0x5c1 Drivers\STM32F4xx_HAL_Driver\Src\stm32f4xx_hal_uart.o
                                0xbdc (size before relaxing)
 .debug_str     0x000040b7      0x2a9 Drivers\STM32F4xx_HAL_Driver\Src\stm32f4xx_ll_fsmc.o
                                0x811 (size before relaxing)
 .debug_str     0x00004360      0x1fc Drivers\STM32F4xx_HAL_Driver\Src\stm32f4xx_ll_sdmmc.o
                                0x889 (size before relaxing)
 .debug_str     0x0000455c      0x178 Middlewares\Third_Party\FatFs\src\drivers\sd_diskio.o
                                0x47b (size before relaxing)
 .debug_str     0x000046d4       0xcb Middlewares\Third_Party\FatFs\src\ff_gen_drv.o
                                0x3cf (size before relaxing)
 .debug_str     0x0000479f      0x117 Src\bsp_driver_sd.o
                                0xa60 (size before relaxing)
 .debug_str     0x000048b6       0xe2 Src\dwt_stm32_delay.o
                                0x37e (size before relaxing)
 .debug_str     0x00004998       0x37 Src\fatfs.o
                                0x356 (size before relaxing)
 .debug_str     0x000049cf      0x243 Src\main.o
                               0x196d (size before relaxing)
 .debug_str     0x00004c12       0xf9 Src\stm32f4xx_hal_msp.o
                               0x1471 (size before relaxing)
 .debug_str     0x00004d0b      0x169 Src\stm32f4xx_it.o
                                0xb18 (size before relaxing)
 .debug_str     0x00004e74       0x45 Src\system_stm32f4xx.o
                                0x44b (size before relaxing)

.comment        0x00000000       0x7e
 .comment       0x00000000       0x7e Drivers\STM32F4xx_HAL_Driver\Src\stm32f4xx_hal.o
                                 0x7f (size before relaxing)
 .comment       0x0000007e       0x7f Drivers\STM32F4xx_HAL_Driver\Src\stm32f4xx_hal_cortex.o
 .comment       0x0000007e       0x7f Drivers\STM32F4xx_HAL_Driver\Src\stm32f4xx_hal_dma.o
 .comment       0x0000007e       0x7f Drivers\STM32F4xx_HAL_Driver\Src\stm32f4xx_hal_gpio.o
 .comment       0x0000007e       0x7f Drivers\STM32F4xx_HAL_Driver\Src\stm32f4xx_hal_nor.o
 .comment       0x0000007e       0x7f Drivers\STM32F4xx_HAL_Driver\Src\stm32f4xx_hal_rcc.o
 .comment       0x0000007e       0x7f Drivers\STM32F4xx_HAL_Driver\Src\stm32f4xx_hal_sd.o
 .comment       0x0000007e       0x7f Drivers\STM32F4xx_HAL_Driver\Src\stm32f4xx_hal_tim.o
 .comment       0x0000007e       0x7f Drivers\STM32F4xx_HAL_Driver\Src\stm32f4xx_hal_tim_ex.o
 .comment       0x0000007e       0x7f Drivers\STM32F4xx_HAL_Driver\Src\stm32f4xx_hal_uart.o
 .comment       0x0000007e       0x7f Drivers\STM32F4xx_HAL_Driver\Src\stm32f4xx_ll_fsmc.o
 .comment       0x0000007e       0x7f Drivers\STM32F4xx_HAL_Driver\Src\stm32f4xx_ll_sdmmc.o
 .comment       0x0000007e       0x7f Middlewares\Third_Party\FatFs\src\drivers\sd_diskio.o
 .comment       0x0000007e       0x7f Middlewares\Third_Party\FatFs\src\ff_gen_drv.o
 .comment       0x0000007e       0x7f Src\bsp_driver_sd.o
 .comment       0x0000007e       0x7f Src\dwt_stm32_delay.o
 .comment       0x0000007e       0x7f Src\fatfs.o
 .comment       0x0000007e       0x7f Src\main.o
 .comment       0x0000007e       0x7f Src\stm32f4xx_hal_msp.o
 .comment       0x0000007e       0x7f Src\stm32f4xx_it.o
 .comment       0x0000007e       0x7f Src\system_stm32f4xx.o

.debug_frame    0x00000000     0x2878
 .debug_frame   0x00000000      0x194 Drivers\STM32F4xx_HAL_Driver\Src\stm32f4xx_hal.o
 .debug_frame   0x00000194      0x150 Drivers\STM32F4xx_HAL_Driver\Src\stm32f4xx_hal_cortex.o
 .debug_frame   0x000002e4      0x150 Drivers\STM32F4xx_HAL_Driver\Src\stm32f4xx_hal_dma.o
 .debug_frame   0x00000434       0xd4 Drivers\STM32F4xx_HAL_Driver\Src\stm32f4xx_hal_gpio.o
 .debug_frame   0x00000508      0x1cc Drivers\STM32F4xx_HAL_Driver\Src\stm32f4xx_hal_nor.o
 .debug_frame   0x000006d4      0x138 Drivers\STM32F4xx_HAL_Driver\Src\stm32f4xx_hal_rcc.o
 .debug_frame   0x0000080c      0x398 Drivers\STM32F4xx_HAL_Driver\Src\stm32f4xx_hal_sd.o
 .debug_frame   0x00000ba4      0x854 Drivers\STM32F4xx_HAL_Driver\Src\stm32f4xx_hal_tim.o
 .debug_frame   0x000013f8      0x32c Drivers\STM32F4xx_HAL_Driver\Src\stm32f4xx_hal_tim_ex.o
 .debug_frame   0x00001724      0x498 Drivers\STM32F4xx_HAL_Driver\Src\stm32f4xx_hal_uart.o
 .debug_frame   0x00001bbc      0x190 Drivers\STM32F4xx_HAL_Driver\Src\stm32f4xx_ll_fsmc.o
 .debug_frame   0x00001d4c      0x454 Drivers\STM32F4xx_HAL_Driver\Src\stm32f4xx_ll_sdmmc.o
 .debug_frame   0x000021a0       0x90 Middlewares\Third_Party\FatFs\src\drivers\sd_diskio.o
 .debug_frame   0x00002230       0x6c Middlewares\Third_Party\FatFs\src\ff_gen_drv.o
 .debug_frame   0x0000229c      0x140 Src\bsp_driver_sd.o
 .debug_frame   0x000023dc       0x20 Src\dwt_stm32_delay.o
 .debug_frame   0x000023fc       0x38 Src\fatfs.o
 .debug_frame   0x00002434      0x11c Src\main.o
 .debug_frame   0x00002550      0x128 Src\stm32f4xx_hal_msp.o
 .debug_frame   0x00002678      0x184 Src\stm32f4xx_it.o
 .debug_frame   0x000027fc       0x30 Src\system_stm32f4xx.o
 .debug_frame   0x0000282c       0x2c c:/program files (x86)/atollic/truestudio for arm 7.1.0/armtools/bin/../lib/gcc/arm-atollic-eabi/5.3.1/../../../../arm-atollic-eabi/lib/armv7e-m/fpu\libc_nano.a(lib_a-init.o)
 .debug_frame   0x00002858       0x20 c:/program files (x86)/atollic/truestudio for arm 7.1.0/armtools/bin/../lib/gcc/arm-atollic-eabi/5.3.1/../../../../arm-atollic-eabi/lib/armv7e-m/fpu\libc_nano.a(lib_a-memset.o)
