stm32f4xx_ll_fsmc.c:147:20:FSMC_NORSRAM_Init	16	static
stm32f4xx_ll_fsmc.c:256:19:FSMC_NORSRAM_DeInit	8	static
stm32f4xx_ll_fsmc.c:293:19:FSMC_NORSRAM_Timing_Init	16	static
stm32f4xx_ll_fsmc.c:348:20:FSMC_NORSRAM_Extended_Timing_Init	12	static
stm32f4xx_ll_fsmc.c:414:19:FSMC_NORSRAM_WriteOperation_Enable	0	static
stm32f4xx_ll_fsmc.c:432:19:FSMC_NORSRAM_WriteOperation_Disable	0	static
stm32f4xx_ll_fsmc.c:501:19:FSMC_NAND_Init	12	static
stm32f4xx_ll_fsmc.c:561:19:FSMC_NAND_CommonSpace_Timing_Init	8	static
stm32f4xx_ll_fsmc.c:615:19:FSMC_NAND_AttributeSpace_Timing_Init	8	static
stm32f4xx_ll_fsmc.c:667:19:FSMC_NAND_DeInit	0	static
stm32f4xx_ll_fsmc.c:718:20:FSMC_NAND_ECC_Enable	0	static
stm32f4xx_ll_fsmc.c:739:19:FSMC_NAND_ECC_Disable	0	static
stm32f4xx_ll_fsmc.c:762:19:FSMC_NAND_GetECC	24	static
stm32f4xx_ll_fsmc.c:856:19:FSMC_PCCARD_Init	8	static
stm32f4xx_ll_fsmc.c:890:19:FSMC_PCCARD_CommonSpace_Timing_Init	0	static
stm32f4xx_ll_fsmc.c:924:19:FSMC_PCCARD_AttributeSpace_Timing_Init	0	static
stm32f4xx_ll_fsmc.c:958:19:FSMC_PCCARD_IOSpace_Timing_Init	0	static
stm32f4xx_ll_fsmc.c:991:19:FSMC_PCCARD_DeInit	0	static
