bsp_driver_sd.c:73:9:BSP_SD_Init	16	static
bsp_driver_sd.c:104:9:BSP_SD_ITConfig	0	static
bsp_driver_sd.c:113:6:BSP_SD_DetectIT	0	static
bsp_driver_sd.c:120:13:BSP_SD_DetectCallback	0	static
bsp_driver_sd.c:138:9:BSP_SD_ReadBlocks	16	static
bsp_driver_sd.c:161:9:BSP_SD_WriteBlocks	16	static
bsp_driver_sd.c:183:9:BSP_SD_ReadBlocks_DMA	8	static
bsp_driver_sd.c:206:9:BSP_SD_WriteBlocks_DMA	8	static
bsp_driver_sd.c:228:9:BSP_SD_Erase	8	static
bsp_driver_sd.c:246:6:BSP_SD_IRQHandler	0	static
bsp_driver_sd.c:254:6:BSP_SD_DMA_Tx_IRQHandler	0	static
bsp_driver_sd.c:262:6:BSP_SD_DMA_Rx_IRQHandler	0	static
bsp_driver_sd.c:275:9:BSP_SD_GetCardState	8	static
bsp_driver_sd.c:285:6:BSP_SD_GetCardInfo	0	static
bsp_driver_sd.c:297:9:BSP_SD_IsDetected	8	static
