stm32f4xx_it.c:61:6:NMI_Handler	0	static
stm32f4xx_it.c:73:6:HardFault_Handler	0	static
stm32f4xx_it.c:87:6:MemManage_Handler	0	static
stm32f4xx_it.c:101:6:BusFault_Handler	0	static
stm32f4xx_it.c:115:6:UsageFault_Handler	0	static
stm32f4xx_it.c:129:6:SVC_Handler	0	static
stm32f4xx_it.c:141:6:DebugMon_Handler	0	static
stm32f4xx_it.c:153:6:PendSV_Handler	0	static
stm32f4xx_it.c:165:6:SysTick_Handler	8	static
stm32f4xx_it.c:189:6:EXTI3_IRQHandler	8	static
stm32f4xx_it.c:212:6:DMA1_Stream1_IRQHandler	0	static
stm32f4xx_it.c:226:6:DMA1_Stream2_IRQHandler	0	static
stm32f4xx_it.c:239:6:DMA1_Stream3_IRQHandler	0	static
stm32f4xx_it.c:252:6:DMA1_Stream4_IRQHandler	0	static
stm32f4xx_it.c:265:6:TIM4_IRQHandler	8	static
stm32f4xx_it.c:282:6:USART3_IRQHandler	0	static
stm32f4xx_it.c:295:6:UART4_IRQHandler	0	static
stm32f4xx_it.c:308:6:DMA2_Stream2_IRQHandler	0	static
stm32f4xx_it.c:319:6:HAL_UART_TxCpltCallback	8	static
stm32f4xx_it.c:336:6:HAL_UART_RxCpltCallback	0	static
